// Jest Snapshot v1, https://goo.gl/fbAQLP

exports[`ProjectForm component should match with snapshot 1`] = `
<div>
  <form
    class="chakra-stack css-tl3ftk"
    id="update-product-form"
  >
    <div
      class="chakra-stack css-5crs4f"
    >
      <div
        class="css-1pjhpfy"
      >
        <div
          class="chakra-form-control css-0"
          role="group"
        >
          <label
            class="chakra-form__label css-byg028"
            for="field-:r0:"
            id="field-:r0:-label"
          >
            Project Name
          </label>
          <div
            class="chakra-input__group css-bx0blc"
            data-group="true"
          >
            <input
              class="chakra-input css-gh4tfk"
              data-testid="edit-field-projectName"
              id="field-:r0:"
              name="fields.projectName"
              placeholder="Project Name"
              type="text"
              value=""
            />
          </div>
        </div>
      </div>
      <div
        class="css-1pjhpfy"
      >
        <div
          class="chakra-form-control css-0"
          role="group"
        >
          <label
            class="chakra-form__label css-byg028"
            for="field-:r1:"
            id="field-:r1:-label"
          >
            Budget
          </label>
          <div
            class="chakra-input__group css-bx0blc"
            data-group="true"
          >
            <input
              class="chakra-input css-gh4tfk"
              data-testid="edit-field-budget"
              id="field-:r1:"
              name="fields.budget"
              placeholder="Budget"
              type="number"
              value="0"
            />
          </div>
        </div>
      </div>
      <div
        class="css-1pjhpfy"
      >
        <div
          class="chakra-form-control css-0"
          role="group"
        >
          <label
            class="chakra-form__label css-byg028"
            for="field-:r2:"
            id="field-:r2:-label"
          >
            Avatar
          </label>
          <div
            class="chakra-input__group css-bx0blc"
            data-group="true"
          >
            <input
              accept="image/*"
              class="chakra-input css-gh4tfk"
              data-testid="edit-field-avatar"
              id="field-:r2:"
              name="fields.avatar"
              placeholder="Avatar"
              type="text"
              value=""
            />
          </div>
        </div>
      </div>
    </div>
    <div
      class="chakra-stack css-5crs4f"
    >
      <div
        class="css-9sax6j"
      >
        <label
          class="chakra-form__label css-uvho5g"
        >
          Status
        </label>
        <div
          class="chakra-select__wrapper css-42b2qy"
        >
          <select
            class="chakra-select css-1yla37g"
            name="fields.status"
          >
            <option
              value="Todo"
            >
              Todo
            </option>
            <option
              value="Working"
            >
              Working
            </option>
            <option
              value="Done"
            >
              Done
            </option>
            <option
              value="Canceled"
            >
              Canceled
            </option>
          </select>
          <div
            class="chakra-select__icon-wrapper css-162mkon"
          >
            <svg
              aria-hidden="true"
              class="chakra-select__icon"
              focusable="false"
              role="presentation"
              style="width: 1em; height: 1em; color: currentColor;"
              viewBox="0 0 24 24"
            >
              <path
                d="M16.59 8.59L12 13.17 7.41 8.59 6 10l6 6 6-6z"
                fill="currentColor"
              />
            </svg>
          </div>
        </div>
      </div>
      <div
        class="css-pbhvco"
      >
        <div
          class="chakra-form-control css-0"
          role="group"
        >
          <label
            class="chakra-form__label css-byg028"
            for="field-:r3:"
            id="field-:r3:-label"
          >
            Completion
          </label>
          <div
            class="chakra-input__group css-bx0blc"
            data-group="true"
          >
            <input
              class="chakra-input css-gh4tfk"
              id="field-:r3:"
              name="fields.completion"
              placeholder="Completion"
              type="number"
              value="0"
            />
          </div>
        </div>
      </div>
    </div>
    <div
      class="chakra-stack css-5crs4f"
    >
      <div
        class="css-pbhvco"
      >
        <div
          class="chakra-form-control css-0"
          role="group"
        >
          <label
            class="chakra-form__label css-byg028"
            for="field-:r4:"
            id="field-:r4:-label"
          >
            Image
          </label>
          <div
            class="chakra-input__group css-bx0blc"
            data-group="true"
          >
            <input
              class="chakra-input css-gh4tfk"
              id="field-:r4:"
              name="fields.image"
              placeholder="Image"
              type="text"
              value=""
            />
          </div>
        </div>
      </div>
      <div
        class="css-pbhvco"
      >
        <div
          class="chakra-form-control css-0"
          role="group"
        >
          <label
            class="chakra-form__label css-byg028"
            for="field-:r5:"
            id="field-:r5:-label"
          >
            Description
          </label>
          <div
            class="chakra-input__group css-bx0blc"
            data-group="true"
          >
            <input
              class="chakra-input css-gh4tfk"
              id="field-:r5:"
              name="fields.description"
              placeholder="Description"
              type="text"
              value=""
            />
          </div>
        </div>
      </div>
    </div>
    <div
      class="css-16xzy9q"
    >
      <button
        class="chakra-button css-2cbh8c"
        data-testid="submit-product-form"
        disabled=""
        form="update-product-form"
        type="submit"
      >
        Save
      </button>
      <button
        class="chakra-button css-42jhew"
        type="button"
      >
        Cancel
      </button>
    </div>
  </form>
</div>
`;
